>>> from my_module import add_integer
>>> add_integer(2, 99)
101
>>> add_integer(5, 5)
10
>>> add_integer(10)
108
>>> add_integer("hello", 1)  # doctest: +IGNORE_EXCEPTION_DETAIL
Traceback (most recent call last):
TypeError: ...
>>> add_integer(1, "hello")  # doctest: +IGNORE_EXCEPTION_DETAIL
Traceback (most recent call last):
TypeError: ...